---
source: crates/skyla-invoicing/tests/einvoice.rs
expression: cii
---
<?xml version="1.0" encoding="UTF-8"?>
<rsm:CrossIndustryInvoice xmlns:rsm="urn:un:unece:uncefact:data:standard:CrossIndustryInvoice:100" xmlns:ram="urn:un:unece:uncefact:data:standard:ReusableAggregateBusinessInformationEntity:100" xmlns:udt="urn:un:unece:uncefact:data:standard:UnqualifiedDataType:100" xmlns:qdt="urn:un:unece:uncefact:data:standard:QualifiedDataType:100">
  <rsm:ExchangedDocumentContext>
    <ram:GuidelineSpecifiedDocumentContextParameter>
      <ram:ID>urn:cen.eu:en16931:2017</ram:ID>
    </ram:GuidelineSpecifiedDocumentContextParameter>
  </rsm:ExchangedDocumentContext>
  <rsm:ExchangedDocument>
    <ram:ID>2026-001</ram:ID>
    <ram:TypeCode>380</ram:TypeCode>
    <ram:IssueDateTime>
      <udt:DateTimeString format="102">20260915</udt:DateTimeString>
    </ram:IssueDateTime>
    <ram:IncludedNote>
      <ram:Content>Děkuji za spolupráci &amp; těším se na další &lt;projekt&gt;.</ram:Content>
    </ram:IncludedNote>
  </rsm:ExchangedDocument>
  <rsm:SupplyChainTradeTransaction>
    <ram:IncludedSupplyChainTradeLineItem>
      <ram:AssociatedDocumentLineDocument>
        <ram:LineID>1</ram:LineID>
      </ram:AssociatedDocumentLineDocument>
      <ram:SpecifiedTradeProduct>
        <ram:Name>Konzultace</ram:Name>
      </ram:SpecifiedTradeProduct>
      <ram:SpecifiedLineTradeAgreement>
        <ram:NetPriceProductTradePrice>
          <ram:ChargeAmount>1500.00</ram:ChargeAmount>
        </ram:NetPriceProductTradePrice>
      </ram:SpecifiedLineTradeAgreement>
      <ram:SpecifiedLineTradeDelivery>
        <ram:BilledQuantity unitCode="HUR">40</ram:BilledQuantity>
      </ram:SpecifiedLineTradeDelivery>
      <ram:SpecifiedLineTradeSettlement>
        <ram:ApplicableTradeTax>
          <ram:TypeCode>VAT</ram:TypeCode>
          <ram:CategoryCode>AE</ram:CategoryCode>
          <ram:RateApplicablePercent>0</ram:RateApplicablePercent>
        </ram:ApplicableTradeTax>
        <ram:SpecifiedTradeSettlementLineMonetarySummation>
          <ram:LineTotalAmount>60000.00</ram:LineTotalAmount>
        </ram:SpecifiedTradeSettlementLineMonetarySummation>
      </ram:SpecifiedLineTradeSettlement>
    </ram:IncludedSupplyChainTradeLineItem>
    <ram:ApplicableHeaderTradeAgreement>
      <ram:SellerTradeParty>
        <ram:Name>Jana Nováková</ram:Name>
        <ram:SpecifiedLegalOrganization>
          <ram:ID>92588034</ram:ID>
        </ram:SpecifiedLegalOrganization>
        <ram:PostalTradeAddress>
          <ram:PostcodeCode>10100</ram:PostcodeCode>
          <ram:LineOne>Korunní 2569/108</ram:LineOne>
          <ram:CityName>Praha 10</ram:CityName>
          <ram:CountryID>CZ</ram:CountryID>
        </ram:PostalTradeAddress>
        <ram:URIUniversalCommunication>
          <ram:URIID schemeID="EM">jana@example.cz</ram:URIID>
        </ram:URIUniversalCommunication>
        <ram:SpecifiedTaxRegistration>
          <ram:ID schemeID="VA">CZ92588034</ram:ID>
        </ram:SpecifiedTaxRegistration>
      </ram:SellerTradeParty>
      <ram:BuyerTradeParty>
        <ram:Name>Beispiel GmbH</ram:Name>
        <ram:PostalTradeAddress>
          <ram:PostcodeCode>10115</ram:PostcodeCode>
          <ram:LineOne>Hauptstraße 5</ram:LineOne>
          <ram:CityName>Berlin</ram:CityName>
          <ram:CountryID>DE</ram:CountryID>
        </ram:PostalTradeAddress>
        <ram:SpecifiedTaxRegistration>
          <ram:ID schemeID="VA">DE123456789</ram:ID>
        </ram:SpecifiedTaxRegistration>
      </ram:BuyerTradeParty>
    </ram:ApplicableHeaderTradeAgreement>
    <ram:ApplicableHeaderTradeDelivery>
      <ram:ActualDeliverySupplyChainEvent>
        <ram:OccurrenceDateTime>
          <udt:DateTimeString format="102">20260915</udt:DateTimeString>
        </ram:OccurrenceDateTime>
      </ram:ActualDeliverySupplyChainEvent>
    </ram:ApplicableHeaderTradeDelivery>
    <ram:ApplicableHeaderTradeSettlement>
      <ram:PaymentReference>2026001</ram:PaymentReference>
      <ram:InvoiceCurrencyCode>CZK</ram:InvoiceCurrencyCode>
      <ram:SpecifiedTradeSettlementPaymentMeans>
        <ram:TypeCode>30</ram:TypeCode>
        <ram:PayeePartyCreditorFinancialAccount>
          <ram:IBANID>CZ6508000000192000145399</ram:IBANID>
        </ram:PayeePartyCreditorFinancialAccount>
        <ram:PayeeSpecifiedCreditorFinancialInstitution>
          <ram:BICID>GIBACZPX</ram:BICID>
        </ram:PayeeSpecifiedCreditorFinancialInstitution>
      </ram:SpecifiedTradeSettlementPaymentMeans>
      <ram:ApplicableTradeTax>
        <ram:CalculatedAmount>0.00</ram:CalculatedAmount>
        <ram:TypeCode>VAT</ram:TypeCode>
        <ram:ExemptionReason>Služba s místem plnění v jiném členském státě; daň odvede zákazník (čl. 196 směrnice 2006/112/ES).</ram:ExemptionReason>
        <ram:BasisAmount>60000.00</ram:BasisAmount>
        <ram:CategoryCode>AE</ram:CategoryCode>
        <ram:RateApplicablePercent>0</ram:RateApplicablePercent>
      </ram:ApplicableTradeTax>
      <ram:SpecifiedTradePaymentTerms>
        <ram:DueDateDateTime>
          <udt:DateTimeString format="102">20260929</udt:DateTimeString>
        </ram:DueDateDateTime>
      </ram:SpecifiedTradePaymentTerms>
      <ram:SpecifiedTradeSettlementHeaderMonetarySummation>
        <ram:LineTotalAmount>60000.00</ram:LineTotalAmount>
        <ram:TaxBasisTotalAmount>60000.00</ram:TaxBasisTotalAmount>
        <ram:TaxTotalAmount currencyID="CZK">0.00</ram:TaxTotalAmount>
        <ram:GrandTotalAmount>60000.00</ram:GrandTotalAmount>
        <ram:DuePayableAmount>60000.00</ram:DuePayableAmount>
      </ram:SpecifiedTradeSettlementHeaderMonetarySummation>
    </ram:ApplicableHeaderTradeSettlement>
  </rsm:SupplyChainTradeTransaction>
</rsm:CrossIndustryInvoice>
